export const snapshot = {};

snapshot[`formatXmlExpression should format xml prolog node 1`] = `'<?xml encoding="utf-8" version="2.0"?>'`;

snapshot[`formatXmlExpression should format xml tag node 1`] = `
'<manifest
    simpleProperty="some random value"
    deeply:nested:property="20" />'
`;

snapshot[`formatXmlExpression should format comment node 1`] = `'<!-- <uses-permission android:name="com.android.providers.tv.permission.WRITE_EPG_DATA" /> -->'`;

snapshot[`formatXmlExpression should format text node 1`] = `"Pikachu"`;
